2025-05-27 08:29:31 - 7
2025-05-27 08:29:31 - 7
2025-05-27 08:29:31 - 7
2025-05-27 08:29:31 - 7
2025-05-27 08:29:31 - 7
2025-05-27 08:29:31 - 7
2025-05-27 08:29:31 - 7
2025-05-27 08:29:31 - 7
2025-05-27 08:29:31 - 7
2025-05-27 08:29:31 - 7
2025-05-27 08:29:31 - 7
2025-05-27 08:29:31 - 7
2025-05-27 08:29:31 - 7
2025-05-27 08:29:31 - 7
2025-05-27 08:29:31 - 7
2025-05-27 08:29:31 - 7
2025-05-27 08:29:31 - 7
2025-05-27 08:29:31 - 7
2025-05-27 08:30:43 - {"id":"1","batch_id":"8","first_name":"Christian","middle_name":"Gonzales","last_name":"Cuario","date_of_birth":"1999-06-04","mobile_number":"9777559689","email_address":"carl041216@gmail.com","date_of_transaction":"2025-04-03","reference_number":"557834196","load_amount":"10","load_status":"null","consent_status":"1","policy_id":"BL1743650124223","policy_status":"Active","protect_premium_taxes":"23","date_insurance_start":"2025-04-03","date_insurance_end":"2025-04-06","batch_number":"batch 100","status_id":"0","duplicate":"No","assigned_by":"0","assigned_to":"0","assigned_when":null,"created_by":"1001","created_when":"2025-05-27 08:29:31","updated_by":null,"updated_when":null}
8
2025-05-27 08:30:43 - {"id":"2","batch_id":"8","first_name":"Carl","middle_name":"Gonzales","last_name":"Cuario","date_of_birth":"1999-06-04","mobile_number":"9777559689","email_address":"carl041216@gmail.com","date_of_transaction":"2025-04-03","reference_number":"557815647","load_amount":"10","load_status":"null","consent_status":"1","policy_id":"BL1743650199720","policy_status":"Active","protect_premium_taxes":"23","date_insurance_start":"2025-04-03","date_insurance_end":"2025-04-06","batch_number":"batch 100","status_id":"0","duplicate":"No","assigned_by":"0","assigned_to":"0","assigned_when":null,"created_by":"1001","created_when":"2025-05-27 08:29:31","updated_by":null,"updated_when":null}
8
2025-05-27 08:30:43 - {"id":"3","batch_id":"8","first_name":"Christian Carl","middle_name":"Gonzales","last_name":"Cuario","date_of_birth":"1999-06-04","mobile_number":"9777559689","email_address":"carl041216@gmail.com","date_of_transaction":"2025-04-03","reference_number":"557849983","load_amount":"10","load_status":"null","consent_status":"1","policy_id":"BL1743650921898","policy_status":"Active","protect_premium_taxes":"23","date_insurance_start":"2025-04-03","date_insurance_end":"2025-04-06","batch_number":"batch 100","status_id":"0","duplicate":"No","assigned_by":"0","assigned_to":"0","assigned_when":null,"created_by":"1001","created_when":"2025-05-27 08:29:31","updated_by":null,"updated_when":null}
8
2025-05-27 08:30:43 - {"id":"4","batch_id":"8","first_name":"Carl","middle_name":"Vere","last_name":"Pacardo","date_of_birth":"1999-01-13","mobile_number":"9260883360","email_address":"jhustinpacardo@yahoo.com","date_of_transaction":"2025-04-03","reference_number":"356157532","load_amount":"10","load_status":"null","consent_status":"1","policy_id":"BL1743663005115","policy_status":"Active","protect_premium_taxes":"23","date_insurance_start":"2025-04-03","date_insurance_end":"2025-04-06","batch_number":"batch 100","status_id":"0","duplicate":"No","assigned_by":"0","assigned_to":"0","assigned_when":null,"created_by":"1001","created_when":"2025-05-27 08:29:31","updated_by":null,"updated_when":null}
8
2025-05-27 08:30:43 - {"id":"5","batch_id":"8","first_name":"Jhustin","middle_name":"Vere","last_name":"Pacardo","date_of_birth":"1999-01-13","mobile_number":"9260883360","email_address":"jhustinpacardo@yahoo.com","date_of_transaction":"2025-04-03","reference_number":"356164555","load_amount":"10","load_status":"null","consent_status":"1","policy_id":"BL1743663075439","policy_status":"Active","protect_premium_taxes":"23","date_insurance_start":"2025-04-03","date_insurance_end":"2025-04-06","batch_number":"batch 100","status_id":"0","duplicate":"No","assigned_by":"0","assigned_to":"0","assigned_when":null,"created_by":"1001","created_when":"2025-05-27 08:29:31","updated_by":null,"updated_when":null}
8
2025-05-27 08:30:43 - {"id":"6","batch_id":"8","first_name":"Carl Jhustin","middle_name":"Vere","last_name":"Pacardo","date_of_birth":"1999-01-13","mobile_number":"9260883360","email_address":"jhustinpacardo@yahoo.com","date_of_transaction":"2025-04-03","reference_number":"356155341","load_amount":"10","load_status":"null","consent_status":"1","policy_id":"BL1743663170975","policy_status":"Active","protect_premium_taxes":"23","date_insurance_start":"2025-04-03","date_insurance_end":"2025-04-06","batch_number":"batch 100","status_id":"0","duplicate":"No","assigned_by":"0","assigned_to":"0","assigned_when":null,"created_by":"1001","created_when":"2025-05-27 08:29:31","updated_by":null,"updated_when":null}
8
2025-05-27 08:30:44 - {"id":"7","batch_id":"8","first_name":"Princess","middle_name":"Magamay","last_name":"Albios","date_of_birth":"1998-11-13","mobile_number":"9297163694","email_address":"albioscexxxy@gmail.com","date_of_transaction":"2025-04-03","reference_number":"158353280","load_amount":"10","load_status":"null","consent_status":"1","policy_id":"BL1743665811623","policy_status":"Active","protect_premium_taxes":"23","date_insurance_start":"2025-04-03","date_insurance_end":"2025-04-06","batch_number":"batch 100","status_id":"0","duplicate":"No","assigned_by":"0","assigned_to":"0","assigned_when":null,"created_by":"1001","created_when":"2025-05-27 08:29:31","updated_by":null,"updated_when":null}
8
2025-05-27 08:30:44 - {"id":"8","batch_id":"8","first_name":"Princess","middle_name":"Magamay","last_name":"Albios","date_of_birth":"1998-11-13","mobile_number":"9297163694","email_address":"albioscexxxy@gmail.com","date_of_transaction":"2025-04-03","reference_number":"158367281","load_amount":"10","load_status":"null","consent_status":"1","policy_id":"BL1743665913868","policy_status":"Active","protect_premium_taxes":"23","date_insurance_start":"2025-04-03","date_insurance_end":"2025-04-06","batch_number":"batch 100","status_id":"0","duplicate":"No","assigned_by":"0","assigned_to":"0","assigned_when":null,"created_by":"1001","created_when":"2025-05-27 08:29:31","updated_by":null,"updated_when":null}
8
2025-05-27 08:30:44 - {"id":"9","batch_id":"8","first_name":"Mary Chris","middle_name":"Navarro","last_name":"Ca\u00c3\u2018onaso","date_of_birth":"1996-02-29","mobile_number":"9922490163","email_address":"chriscanonaso1996@gmail.com","date_of_transaction":"2025-04-03","reference_number":"757075992","load_amount":"10","load_status":"null","consent_status":"1","policy_id":"BL1743665987759","policy_status":"Active","protect_premium_taxes":"23","date_insurance_start":"2025-04-03","date_insurance_end":"2025-04-06","batch_number":"batch 100","status_id":"0","duplicate":"No","assigned_by":"0","assigned_to":"0","assigned_when":null,"created_by":"1001","created_when":"2025-05-27 08:29:31","updated_by":null,"updated_when":null}
8
2025-05-27 08:30:44 - {"id":"10","batch_id":"8","first_name":"Princess","middle_name":"Magamay","last_name":"Albios","date_of_birth":"1998-11-13","mobile_number":"9297163694","email_address":"albioscexxxy@gmail.com","date_of_transaction":"2025-04-03","reference_number":"158351933","load_amount":"10","load_status":"null","consent_status":"1","policy_id":"BL1743666045531","policy_status":"Active","protect_premium_taxes":"23","date_insurance_start":"2025-04-03","date_insurance_end":"2025-04-06","batch_number":"batch 100","status_id":"0","duplicate":"No","assigned_by":"0","assigned_to":"0","assigned_when":null,"created_by":"1001","created_when":"2025-05-27 08:29:31","updated_by":null,"updated_when":null}
8
2025-05-27 08:30:44 - {"id":"11","batch_id":"8","first_name":"Mary Chris","middle_name":"Navarro","last_name":"Ca\u00c3\u2018onaso","date_of_birth":"1996-02-29","mobile_number":"9922490163","email_address":"chriscanonaso1996@gmail.com","date_of_transaction":"2025-04-03","reference_number":"757070883","load_amount":"10","load_status":"null","consent_status":"1","policy_id":"BL1743666087703","policy_status":"Active","protect_premium_taxes":"23","date_insurance_start":"2025-04-03","date_insurance_end":"2025-04-06","batch_number":"batch 100","status_id":"0","duplicate":"No","assigned_by":"0","assigned_to":"0","assigned_when":null,"created_by":"1001","created_when":"2025-05-27 08:29:31","updated_by":null,"updated_when":null}
8
2025-05-27 08:30:44 - {"id":"12","batch_id":"8","first_name":"Mary Chris","middle_name":"Navarro","last_name":"Ca\u00c3\u2018onaso","date_of_birth":"1996-02-29","mobile_number":"9922490163","email_address":"chriscanonaso1996@gmail.com","date_of_transaction":"2025-04-03","reference_number":"757069287","load_amount":"10","load_status":"null","consent_status":"1","policy_id":"BL1743666188412","policy_status":"Active","protect_premium_taxes":"23","date_insurance_start":"2025-04-03","date_insurance_end":"2025-04-06","batch_number":"batch 100","status_id":"0","duplicate":"No","assigned_by":"0","assigned_to":"0","assigned_when":null,"created_by":"1001","created_when":"2025-05-27 08:29:31","updated_by":null,"updated_when":null}
8
2025-05-27 08:30:44 - {"id":"13","batch_id":"8","first_name":"Alexander","middle_name":"Maderal","last_name":"Dumaraos","date_of_birth":"2001-09-17","mobile_number":"9165581490","email_address":"dumaraosalex8@gmail.com","date_of_transaction":"2025-04-04","reference_number":"356329852","load_amount":"10","load_status":"null","consent_status":"1","policy_id":"BL1743667813676","policy_status":"Active","protect_premium_taxes":"23","date_insurance_start":"2025-04-03","date_insurance_end":"2025-04-06","batch_number":"batch 100","status_id":"0","duplicate":"No","assigned_by":"0","assigned_to":"0","assigned_when":null,"created_by":"1001","created_when":"2025-05-27 08:29:31","updated_by":null,"updated_when":null}
8
2025-05-27 08:30:44 - {"id":"14","batch_id":"8","first_name":"Alexander","middle_name":"Maderal","last_name":"Dumaraos","date_of_birth":"2001-09-17","mobile_number":"9165581490","email_address":"dumaraosalex8@gmail.com","date_of_transaction":"2025-04-04","reference_number":"356412532","load_amount":"10","load_status":"null","consent_status":"1","policy_id":"BL1743669453066","policy_status":"Active","protect_premium_taxes":"23","date_insurance_start":"2025-04-03","date_insurance_end":"2025-04-06","batch_number":"batch 100","status_id":"0","duplicate":"No","assigned_by":"0","assigned_to":"0","assigned_when":null,"created_by":"1001","created_when":"2025-05-27 08:29:31","updated_by":null,"updated_when":null}
8
2025-05-27 08:30:44 - {"id":"15","batch_id":"8","first_name":"Andrei Christien","middle_name":"Manapat","last_name":"Sta. Ana","date_of_birth":"2001-06-04","mobile_number":"9956580533","email_address":"andreistaana0604@gmail.com","date_of_transaction":"2025-04-04","reference_number":"257358262","load_amount":"10","load_status":"null","consent_status":"1","policy_id":"BL1743669513659","policy_status":"Active","protect_premium_taxes":"23","date_insurance_start":"2025-04-03","date_insurance_end":"2025-04-06","batch_number":"batch 100","status_id":"0","duplicate":"No","assigned_by":"0","assigned_to":"0","assigned_when":null,"created_by":"1001","created_when":"2025-05-27 08:29:31","updated_by":null,"updated_when":null}
8
2025-05-27 08:30:44 - {"id":"16","batch_id":"8","first_name":"Andrei Christien","middle_name":"Manapat","last_name":"Sta. Ana","date_of_birth":"2001-06-04","mobile_number":"9956580533","email_address":"andreistaana0604@gmail.com","date_of_transaction":"2025-04-04","reference_number":"257414619","load_amount":"10","load_status":"null","consent_status":"1","policy_id":"BL1743671200053","policy_status":"Active","protect_premium_taxes":"23","date_insurance_start":"2025-04-03","date_insurance_end":"2025-04-06","batch_number":"batch 100","status_id":"0","duplicate":"No","assigned_by":"0","assigned_to":"0","assigned_when":null,"created_by":"1001","created_when":"2025-05-27 08:29:31","updated_by":null,"updated_when":null}
8
2025-05-27 08:30:44 - {"id":"17","batch_id":"8","first_name":"Alexander","middle_name":"Maderal","last_name":"Dumaraos","date_of_birth":"2001-09-17","mobile_number":"9165581490","email_address":"dumaraosalex8@gmail.com","date_of_transaction":"2025-04-04","reference_number":"356555866","load_amount":"10","load_status":"null","consent_status":"1","policy_id":"BL1743673344689","policy_status":"Active","protect_premium_taxes":"23","date_insurance_start":"2025-04-03","date_insurance_end":"2025-04-06","batch_number":"batch 100","status_id":"0","duplicate":"No","assigned_by":"0","assigned_to":"0","assigned_when":null,"created_by":"1001","created_when":"2025-05-27 08:29:31","updated_by":null,"updated_when":null}
8
2025-05-27 08:30:44 - {"id":"18","batch_id":"8","first_name":"Andrei Christien","middle_name":"Manapat","last_name":"Sta. Ana","date_of_birth":"2001-06-04","mobile_number":"9956580533","email_address":"andreistaana0604@gmail.com","date_of_transaction":"2025-04-04","reference_number":"257603843","load_amount":"10","load_status":"null","consent_status":"1","policy_id":"BL1743675278034","policy_status":"Active","protect_premium_taxes":"23","date_insurance_start":"2025-04-03","date_insurance_end":"2025-04-06","batch_number":"batch 100","status_id":"0","duplicate":"No","assigned_by":"0","assigned_to":"0","assigned_when":null,"created_by":"1001","created_when":"2025-05-27 08:29:31","updated_by":null,"updated_when":null}
8
